   1.20000005       2.29999995       3.40000010    
