           2           4           6
           1           2           3
           3           6           9
           3           6           9
