   1.00000000       2.00000000       3.00000000       4.00000000    
   2.00000000       3.00000000       4.00000000       5.00000000    
   3.00000000       5.00000000       7.00000000       9.00000000    
