           2           3           4           5
           3           4           5           6
           5           7           9          11
