 (-0.753046215    ,-0.986428261    )
 (  1.31593108    ,  2.45815659    )
