 (  12.0000000    ,  9.00000000    )
 ( -4.00000000    , -3.00000000    )
 (  4.00000000    ,  3.00000000    )
 (  14.0000000    ,  48.0000000    )
 (  14.0000000    ,  48.0000000    )
 ( 0.500000000    ,  0.00000000    )
 (  16.0000000    ,  12.0000000    )
