           5
           4
           3
           2
           1
           5
           3
           1
