           2
           5
           7
           3
          10
          10
           2
           0
          -5
          -2
          -2
