   14.0000000    
   6.00000000    
  -6.00000000    
   40.0000000    
   2.50000000    
  0.400000006    
   10000.0000    
   1048576.00    
