 F
 T
 F
 F
 T
 F
 F
 F
 T
 F
 T
 T
 F
 T
 T
 T
 F
 F
 T
 T
 T
 T
 F
 F
